hiyoh@derutaso MINGW64 ~/workspace
$ mkdir git_challenge

hiyoh@derutaso MINGW64 ~/workspace
$ cd git_challenge

hiyoh@derutaso MINGW64 ~/workspace/git_challenge
$ git init
Initialized empty Git repository in C:/Users/hiyoh/workspace/git_challenge/.git/

hiyoh@derutaso MINGW64 ~/workspace/git_challenge (main)
$ touch hello_world.txt

hiyoh@derutaso MINGW64 ~/workspace/git_challenge (main)
$ git status
On branch main

No commits yet

Untracked files:
  (use "git add <file>..." to include in what will be committed)        
        hello_world.txt

nothing added to commit but untracked files present (use "git add" to track)

hiyoh@derutaso MINGW64 ~/workspace/git_challenge (main)
$ git add hello_world.txt

hiyoh@derutaso MINGW64 ~/workspace/git_challenge (main)
$ git commit -m '英語の挨拶を追加'
[main (root-commit) 33a9d47] 英語の 挨拶を追加
 1 file changed, 0 insertions(+), 0 deletions(-)
 create mode 100644 hello_world.txt 

hiyoh@derutaso MINGW64 ~/workspace/git_challenge (main)
$ git status
On branch main
Changes not staged for commit:      
  (use "git add <file>..." to update what will be committed)
  (use "git restore <file>..." to discard changes in working directory) 
        modified:   hello_world.txt 

no changes added to commit (use "git add" and/or "git commit -a")       

hiyoh@derutaso MINGW64 ~/workspace/git_challenge (main)
$ git add hello_world.txt

hiyoh@derutaso MINGW64 ~/workspace/git_challenge (main)
$ git commit -m '日本語の挨拶を追加'
[main 8efdbad] 日本語の挨拶を追加
 1 file changed, 2 insertions(+)    

hiyoh@derutaso MINGW64 ~/workspace/git_challenge (main)
$ git log
commit 8efdbada16771cdb3adb4a94c41fe534ad5202b0 (HEAD -> main)
Author: shiro-461 <itouhi5656@gmail.com>
Date:   Tue May 13 20:47:06 2025 +0900

    日本語の挨拶を追加

commit 33a9d4722c7bcf45958dabf967730bef6b9802fd
Author: shiro-461 <itouhi5656@gmail.com>
Date:   Tue May 13 20:45:46 2025 +0900

    英語の挨拶を追加

hiyoh@derutaso MINGW64 ~/workspace/git_challenge (main)
